******************************************************************************
                  TI ARM Linker PC v20.2.1                     
******************************************************************************
>> Linked Thu Dec 31 15:58:25 2020

OUTPUT FILE NAME:   <Lab9.out>
ENTRY POINT SYMBOL: "_c_int00_noargs"  address: 000007bd


MEMORY CONFIGURATION

         name            origin    length      used     unused   attr    fill
----------------------  --------  ---------  --------  --------  ----  --------
  FLASH                 00000000   00040000  00000bd0  0003f430  R  X
  SRAM                  20000000   00008000  0000046c  00007b94  RW X


SEGMENT ALLOCATION MAP

run origin  load origin   length   init length attrs members
----------  ----------- ---------- ----------- ----- -------
00000000    00000000    00000bd4   00000bd4    r-x
  00000000    00000000    0000026c   0000026c    r-- .intvecs
  0000026c    0000026c    000006ac   000006ac    r-x .text
  00000918    00000918    000002a4   000002a4    r-- .const
  00000bc0    00000bc0    00000014   00000014    r-- .cinit
20000000    20000000    00000470   00000000    rw-
  20000000    20000000    0000026c   00000000    rw- .vtable
  20000270    20000270    00000200   00000000    rw- .stack


SECTION ALLOCATION MAP

 output                                  attributes/
section   page    origin      length       input sections
--------  ----  ----------  ----------   ----------------
.intvecs   0    00000000    0000026c     
                  00000000    0000026c     tm4c123gh6pm_startup_ccs.obj (.intvecs)

.text      0    0000026c    000006ac     
                  0000026c    00000190     main.obj (.text)
                  000003fc    00000132     driverlib.lib : gpio.obj (.text:GPIOPadConfigSet)
                  0000052e    00000002     --HOLE-- [fill = 0]
                  00000530    00000068                   : interrupt.obj (.text:IntEnable)
                  00000598    00000060                   : timer.obj (.text:TimerConfigure)
                  000005f8    00000056                   : gpio.obj (.text:GPIOIntTypeSet)
                  0000064e    00000002     --HOLE-- [fill = 0]
                  00000650    00000044                   : gpio.obj (.text:_GPIOIntNumberGet)
                  00000694    00000044     rtsv7M4_T_le_v4SPD16_eabi.lib : autoinit.c.obj (.text:__TI_auto_init_nobinit_nopinit:__TI_auto_init_nobinit_nopinit)
                  000006d8    00000042     driverlib.lib : gpio.obj (.text:GPIOIntTypeGet)
                  0000071a    00000002     --HOLE-- [fill = 0]
                  0000071c    00000038                   : sysctl.obj (.text:SysCtlPeripheralReady)
                  00000754    00000034                   : interrupt.obj (.text:IntRegister)
                  00000788    00000034                   : sysctl.obj (.text:SysCtlPeripheralEnable)
                  000007bc    00000034     rtsv7M4_T_le_v4SPD16_eabi.lib : boot_cortex_m.c.obj (.text:_c_int00_noargs:_c_int00_noargs)
                  000007f0    0000002a     driverlib.lib : gpio.obj (.text:GPIODirModeSet)
                  0000081a    00000002     --HOLE-- [fill = 0]
                  0000081c    00000024                   : interrupt.obj (.text:IntPrioritySet)
                  00000840    0000001c                   : gpio.obj (.text:GPIOIntRegisterPin)
                  0000085c    0000001c     rtsv7M4_T_le_v4SPD16_eabi.lib : copy_zero_init.c.obj (.text:decompress:ZI:__TI_zero_init_nomemset:__TI_zero_init_nomemset)
                  00000878    00000018     driverlib.lib : gpio.obj (.text:GPIOPinTypeGPIOOutput)
                  00000890    00000018                   : timer.obj (.text:TimerDisable)
                  000008a8    00000012                   : gpio.obj (.text:GPIOPinTypeGPIOInput)
                  000008ba    00000012                   : timer.obj (.text:TimerLoadSet)
                  000008cc    0000000e                   : timer.obj (.text:TimerEnable)
                  000008da    0000000c                   : gpio.obj (.text:GPIOIntEnable)
                  000008e6    0000000c     tm4c123gh6pm_startup_ccs.obj (.text)
                  000008f2    00000008     driverlib.lib : timer.obj (.text:TimerIntEnable)
                  000008fa    00000006                   : gpio.obj (.text:GPIOIntClear)
                  00000900    00000006                   : gpio.obj (.text:GPIOPinRead)
                  00000906    00000006                   : gpio.obj (.text:GPIOPinWrite)
                  0000090c    00000004                   : timer.obj (.text:TimerIntClear)
                  00000910    00000004     rtsv7M4_T_le_v4SPD16_eabi.lib : pre_init.c.obj (.text:_system_pre_init)
                  00000914    00000004                                   : exit.c.obj (.text:abort:abort)

.const     0    00000918    000002a4     
                  00000918    000000d8     driverlib.lib : gpio.obj (.const:g_ppui32GPIOIntMapSnowflake)
                  000009f0    000000c0                   : gpio.obj (.const:g_ppui32GPIOIntMapBlizzard)
                  00000ab0    0000009c                   : interrupt.obj (.const:g_pui32Regs)
                  00000b4c    00000070                   : interrupt.obj (.const)

.cinit     0    00000bc0    00000014     
                  00000bc0    00000008     (.cinit..vtable.load) [load image, compression = zero_init]
                  00000bc8    00000004     (__TI_handler_table)
                  00000bcc    00000008     (__TI_cinit_table)

.init_array 
*          0    00000000    00000000     UNINITIALIZED

.vtable    0    20000000    0000026c     UNINITIALIZED
                  20000000    0000026c     driverlib.lib : interrupt.obj (.vtable)

.stack     0    20000270    00000200     UNINITIALIZED
                  20000270    00000004     rtsv7M4_T_le_v4SPD16_eabi.lib : boot_cortex_m.c.obj (.stack)
                  20000274    000001fc     --HOLE--

__llvm_prf_cnts 
*          0    20000000    00000000     UNINITIALIZED

MODULE SUMMARY

       Module                         code   ro data   rw data
       ------                         ----   -------   -------
    .\
       tm4c123gh6pm_startup_ccs.obj   12     620       0      
       main.obj                       400    0         0      
    +--+------------------------------+------+---------+---------+
       Total:                         412    620       0      
                                                              
    C:/ti/TivaWare_C_Series-2.1.4.178/driverlib/ccs/Debug/driverlib.lib
       interrupt.obj                  192    268       620    
       gpio.obj                       668    408       0      
       timer.obj                      164    0         0      
       sysctl.obj                     108    0         0      
    +--+------------------------------+------+---------+---------+
       Total:                         1132   676       620    
                                                              
    C:\ti\ccs1011\ccs\tools\compiler\ti-cgt-arm_20.2.1.LTS\lib\rtsv7M4_T_le_v4SPD16_eabi.lib
       autoinit.c.obj                 68     0         0      
       boot_cortex_m.c.obj            52     0         0      
       copy_zero_init.c.obj           28     0         0      
       exit.c.obj                     4      0         0      
       pre_init.c.obj                 4      0         0      
    +--+------------------------------+------+---------+---------+
       Total:                         156    0         0      
                                                              
       Stack:                         0      0         512    
       Linker Generated:              0      20        0      
    +--+------------------------------+------+---------+---------+
       Grand Total:                   1700   1316      1132   


LINKER GENERATED COPY TABLES

__TI_cinit_table @ 00000bcc records: 1, size/record: 8, table size: 8
	.vtable: load addr=00000bc0, load size=00000008 bytes, run addr=20000000, run size=0000026c bytes, compression=zero_init


LINKER GENERATED HANDLER TABLE

__TI_handler_table @ 00000bc8 records: 1, size/record: 4, table size: 4
	index: 0, handler: __TI_zero_init


GLOBAL SYMBOLS: SORTED ALPHABETICALLY BY Name 

address   name                          
-------   ----                          
00000915  C$$EXIT                       
000007f1  GPIODirModeSet                
000008fb  GPIOIntClear                  
000008db  GPIOIntEnable                 
00000841  GPIOIntRegisterPin            
000006d9  GPIOIntTypeGet                
000005f9  GPIOIntTypeSet                
000003fd  GPIOPadConfigSet              
00000901  GPIOPinRead                   
000008a9  GPIOPinTypeGPIOInput          
00000879  GPIOPinTypeGPIOOutput         
00000907  GPIOPinWrite                  
00000313  GPIO_PORTF_Init               
00000381  GPMT_init                     
00000531  IntEnable                     
0000081d  IntPrioritySet                
00000755  IntRegister                   
000008e7  ResetISR                      
0000029b  Switch2IntHandling            
0000027b  SwitchIntHandling             
00000789  SysCtlPeripheralEnable        
0000071d  SysCtlPeripheralReady         
00000599  TimerConfigure                
00000891  TimerDisable                  
000008cd  TimerEnable                   
0000090d  TimerIntClear                 
000008f3  TimerIntEnable                
000002bb  TimerIntHandler               
000008bb  TimerLoadSet                  
20000470  __STACK_END                   
00000200  __STACK_SIZE                  
20000470  __STACK_TOP                   
00000bcc  __TI_CINIT_Base               
00000bd4  __TI_CINIT_Limit              
00000bc8  __TI_Handler_Table_Base       
00000bcc  __TI_Handler_Table_Limit      
00000695  __TI_auto_init_nobinit_nopinit
ffffffff  __TI_pprof_out_hndl           
ffffffff  __TI_prof_data_size           
ffffffff  __TI_prof_data_start          
00000000  __TI_static_base__            
0000085d  __TI_zero_init_nomemset       
ffffffff  __binit__                     
ffffffff  __c_args__                    
UNDEFED   __mpu_init                    
20000270  __stack                       
20000000  __start___llvm_prf_cnts       
20000000  __stop___llvm_prf_cnts        
000007bd  _c_int00_noargs               
UNDEFED   _system_post_cinit            
00000911  _system_pre_init              
00000915  abort                         
ffffffff  binit                         
000002cb  delay250Ms_Polling            
20000000  g_pfnRAMVectors               
00000000  g_pfnVectors                  
0000026d  main                          
000002f9  toggle_red                    


GLOBAL SYMBOLS: SORTED BY Symbol Address 

address   name                          
-------   ----                          
00000000  __TI_static_base__            
00000000  g_pfnVectors                  
00000200  __STACK_SIZE                  
0000026d  main                          
0000027b  SwitchIntHandling             
0000029b  Switch2IntHandling            
000002bb  TimerIntHandler               
000002cb  delay250Ms_Polling            
000002f9  toggle_red                    
00000313  GPIO_PORTF_Init               
00000381  GPMT_init                     
000003fd  GPIOPadConfigSet              
00000531  IntEnable                     
00000599  TimerConfigure                
000005f9  GPIOIntTypeSet                
00000695  __TI_auto_init_nobinit_nopinit
000006d9  GPIOIntTypeGet                
0000071d  SysCtlPeripheralReady         
00000755  IntRegister                   
00000789  SysCtlPeripheralEnable        
000007bd  _c_int00_noargs               
000007f1  GPIODirModeSet                
0000081d  IntPrioritySet                
00000841  GPIOIntRegisterPin            
0000085d  __TI_zero_init_nomemset       
00000879  GPIOPinTypeGPIOOutput         
00000891  TimerDisable                  
000008a9  GPIOPinTypeGPIOInput          
000008bb  TimerLoadSet                  
000008cd  TimerEnable                   
000008db  GPIOIntEnable                 
000008e7  ResetISR                      
000008f3  TimerIntEnable                
000008fb  GPIOIntClear                  
00000901  GPIOPinRead                   
00000907  GPIOPinWrite                  
0000090d  TimerIntClear                 
00000911  _system_pre_init              
00000915  C$$EXIT                       
00000915  abort                         
00000bc8  __TI_Handler_Table_Base       
00000bcc  __TI_CINIT_Base               
00000bcc  __TI_Handler_Table_Limit      
00000bd4  __TI_CINIT_Limit              
20000000  __start___llvm_prf_cnts       
20000000  __stop___llvm_prf_cnts        
20000000  g_pfnRAMVectors               
20000270  __stack                       
20000470  __STACK_END                   
20000470  __STACK_TOP                   
ffffffff  __TI_pprof_out_hndl           
ffffffff  __TI_prof_data_size           
ffffffff  __TI_prof_data_start          
ffffffff  __binit__                     
ffffffff  __c_args__                    
ffffffff  binit                         
UNDEFED   __mpu_init                    
UNDEFED   _system_post_cinit            

[58 symbols]
