******************************************************************************
                  TI ARM Linker PC v20.2.1                     
******************************************************************************
>> Linked Thu Jan 14 00:03:51 2021

OUTPUT FILE NAME:   <Traffic_Light.out>
ENTRY POINT SYMBOL: "_c_int00_noargs"  address: 00001091


MEMORY CONFIGURATION

         name            origin    length      used     unused   attr    fill
----------------------  --------  ---------  --------  --------  ----  --------
  FLASH                 00000000   00040000  00001684  0003e97c  R  X
  SRAM                  20000000   00008000  0000046f  00007b91  RW X


SEGMENT ALLOCATION MAP

run origin  load origin   length   init length attrs members
----------  ----------- ---------- ----------- ----- -------
00000000    00000000    00001684   00001684    r-x
  00000000    00000000    0000026c   0000026c    r-- .intvecs
  0000026c    0000026c    0000100c   0000100c    r-x .text
  00001278    00001278    000003e8   000003e8    r-- .const
  00001660    00001660    00000024   00000024    r-- .cinit
20000000    20000000    00000470   00000000    rw-
  20000000    20000000    0000026c   00000000    rw- .vtable
  2000026c    2000026c    00000003   00000000    rw- .bss
  20000270    20000270    00000200   00000000    rw- .stack


SECTION ALLOCATION MAP

 output                                  attributes/
section   page    origin      length       input sections
--------  ----  ----------  ----------   ----------------
.intvecs   0    00000000    0000026c     
                  00000000    0000026c     tm4c123gh6pm_startup_ccs.obj (.intvecs)

.text      0    0000026c    0000100c     
                  0000026c    000002b8     uart.obj (.text)
                  00000524    000001fc     btn.obj (.text)
                  00000720    00000178     pedTL.obj (.text)
                  00000898    00000158     gptm.obj (.text)
                  000009f0    00000138     carTL.obj (.text)
                  00000b28    00000132     driverlib.lib : gpio.obj (.text:GPIOPadConfigSet)
                  00000c5a    00000002     --HOLE-- [fill = 0]
                  00000c5c    00000110                   : sysctl.obj (.text:SysCtlClockGet)
                  00000d6c    00000068                   : interrupt.obj (.text:IntEnable)
                  00000dd4    00000060                   : timer.obj (.text:TimerConfigure)
                  00000e34    00000056                   : gpio.obj (.text:GPIOIntTypeSet)
                  00000e8a    00000002     --HOLE-- [fill = 0]
                  00000e8c    0000004c                   : timer.obj (.text:_TimerIntNumberGet)
                  00000ed8    00000048                   : gpio.obj (.text:GPIOPinConfigure)
                  00000f20    00000046                   : uart.obj (.text:UARTConfigSetExpClk)
                  00000f66    00000002     --HOLE-- [fill = 0]
                  00000f68    00000044                   : gpio.obj (.text:_GPIOIntNumberGet)
                  00000fac    00000044     rtsv7M4_T_le_v4SPD16_eabi.lib : autoinit.c.obj (.text:__TI_auto_init_nobinit_nopinit:__TI_auto_init_nobinit_nopinit)
                  00000ff0    00000038     driverlib.lib : sysctl.obj (.text:SysCtlPeripheralReady)
                  00001028    00000034                   : interrupt.obj (.text:IntRegister)
                  0000105c    00000034                   : sysctl.obj (.text:SysCtlPeripheralEnable)
                  00001090    00000034     rtsv7M4_T_le_v4SPD16_eabi.lib : boot_cortex_m.c.obj (.text:_c_int00_noargs:_c_int00_noargs)
                  000010c4    0000002a     driverlib.lib : gpio.obj (.text:GPIODirModeSet)
                  000010ee    00000002     --HOLE-- [fill = 0]
                  000010f0    00000020                   : uart.obj (.text:UARTDisable)
                  00001110    0000001c     rtsv7M4_T_le_v4SPD16_eabi.lib : copy_zero_init.c.obj (.text:decompress:ZI:__TI_zero_init_nomemset:__TI_zero_init_nomemset)
                  0000112c    00000018     driverlib.lib : gpio.obj (.text:GPIOIntRegister)
                  00001144    00000018                   : gpio.obj (.text:GPIOPinTypeGPIOOutput)
                  0000115c    00000018                   : timer.obj (.text:TimerControlStall)
                  00001174    00000018                   : timer.obj (.text:TimerDisable)
                  0000118c    00000018                   : timer.obj (.text:TimerIntRegister)
                  000011a4    00000014                   : uart.obj (.text:UARTEnable)
                  000011b8    00000014     main.obj (.text)
                  000011cc    00000012     driverlib.lib : gpio.obj (.text:GPIOPinTypeGPIOInput)
                  000011de    00000012                   : gpio.obj (.text:GPIOPinTypeUART)
                  000011f0    00000012                   : timer.obj (.text:TimerLoadSet)
                  00001202    0000000e                   : gpio.obj (.text:GPIOIntDisable)
                  00001210    0000000e                   : timer.obj (.text:TimerEnable)
                  0000121e    0000000c                   : gpio.obj (.text:GPIOIntEnable)
                  0000122a    0000000c     tm4c123gh6pm_startup_ccs.obj (.text)
                  00001236    0000000a     driverlib.lib : timer.obj (.text:TimerIntDisable)
                  00001240    0000000a                   : uart.obj (.text:UARTCharPut)
                  0000124a    0000000a                   : uart.obj (.text:UARTFIFOEnable)
                  00001254    00000008                   : timer.obj (.text:TimerIntEnable)
                  0000125c    00000006                   : gpio.obj (.text:GPIOIntClear)
                  00001262    00000006                   : gpio.obj (.text:GPIOPinWrite)
                  00001268    00000004                   : cpu.obj (.text:CPUwfi)
                  0000126c    00000004                   : timer.obj (.text:TimerIntClear)
                  00001270    00000004     rtsv7M4_T_le_v4SPD16_eabi.lib : pre_init.c.obj (.text:_system_pre_init)
                  00001274    00000004                                   : exit.c.obj (.text:abort:abort)

.const     0    00001278    000003e8     
                  00001278    000000d8     driverlib.lib : gpio.obj (.const:g_ppui32GPIOIntMapSnowflake)
                  00001350    000000c0                   : gpio.obj (.const:g_ppui32GPIOIntMapBlizzard)
                  00001410    00000090                   : gpio.obj (.const:g_pui32GPIOBaseAddrs)
                  000014a0    00000070                   : interrupt.obj (.const)
                  00001510    0000006c                   : sysctl.obj (.const:g_pui32Xtals)
                  0000157c    00000060                   : timer.obj (.const:g_ppui32TimerIntMap)
                  000015dc    00000040                   : timer.obj (.const:g_ppui32TimerIntMapSnowflake)
                  0000161c    00000024     fsm.obj (.const:FSM_CarTL)
                  00001640    00000020     fsm.obj (.const:FSM_PedTL)

.cinit     0    00001660    00000024     
                  00001660    00000008     (.cinit..bss.load) [load image, compression = zero_init]
                  00001668    00000008     (.cinit..vtable.load) [load image, compression = zero_init]
                  00001670    00000004     (__TI_handler_table)
                  00001674    00000010     (__TI_cinit_table)

.init_array 
*          0    00000000    00000000     UNINITIALIZED

.vtable    0    20000000    0000026c     UNINITIALIZED
                  20000000    0000026c     driverlib.lib : interrupt.obj (.vtable)

.bss       0    2000026c    00000003     UNINITIALIZED
                  2000026c    00000001     (.common:FSM_Car_State)
                  2000026d    00000001     (.common:FSM_Ped_State)
                  2000026e    00000001     (.common:FSM_Sys_State)

.stack     0    20000270    00000200     UNINITIALIZED
                  20000270    00000004     rtsv7M4_T_le_v4SPD16_eabi.lib : boot_cortex_m.c.obj (.stack)
                  20000274    000001fc     --HOLE--

__llvm_prf_cnts 
*          0    20000000    00000000     UNINITIALIZED

MODULE SUMMARY

       Module                         code   ro data   rw data
       ------                         ----   -------   -------
    .\
       uart.obj                       696    0         0      
       tm4c123gh6pm_startup_ccs.obj   12     620       0      
       btn.obj                        508    0         0      
       pedTL.obj                      376    0         0      
       gptm.obj                       344    0         0      
       carTL.obj                      312    0         0      
       fsm.obj                        0      68        3      
       main.obj                       20     0         0      
    +--+------------------------------+------+---------+---------+
       Total:                         2268   688       3      
                                                              
    C:/ti/TivaWare_C_Series-2.1.4.178/driverlib/ccs/Debug/driverlib.lib
       gpio.obj                       696    552       0      
       interrupt.obj                  156    112       620    
       sysctl.obj                     380    108       0      
       timer.obj                      298    160       0      
       uart.obj                       142    0         0      
       cpu.obj                        4      0         0      
    +--+------------------------------+------+---------+---------+
       Total:                         1676   932       620    
                                                              
    C:\ti\ccs1011\ccs\tools\compiler\ti-cgt-arm_20.2.1.LTS\lib\rtsv7M4_T_le_v4SPD16_eabi.lib
       autoinit.c.obj                 68     0         0      
       boot_cortex_m.c.obj            52     0         0      
       copy_zero_init.c.obj           28     0         0      
       exit.c.obj                     4      0         0      
       pre_init.c.obj                 4      0         0      
    +--+------------------------------+------+---------+---------+
       Total:                         156    0         0      
                                                              
       Stack:                         0      0         512    
       Linker Generated:              0      36        0      
    +--+------------------------------+------+---------+---------+
       Grand Total:                   4100   1656      1135   


LINKER GENERATED COPY TABLES

__TI_cinit_table @ 00001674 records: 2, size/record: 8, table size: 16
	.bss: load addr=00001660, load size=00000008 bytes, run addr=2000026c, run size=00000003 bytes, compression=zero_init
	.vtable: load addr=00001668, load size=00000008 bytes, run addr=20000000, run size=0000026c bytes, compression=zero_init


LINKER GENERATED HANDLER TABLE

__TI_handler_table @ 00001670 records: 1, size/record: 4, table size: 4
	index: 0, handler: __TI_zero_init


GLOBAL SYMBOLS: SORTED ALPHABETICALLY BY Name 

address   name                          
-------   ----                          
00000651  Btn_EW_ISR                    
00000525  Btn_Init                      
000005b5  Btn_NS_ISR                    
00001275  C$$EXIT                       
00001269  CPUwfi                        
00000a87  CarTL_ISR                     
000009f1  CarTL_Init                    
0000161c  FSM_CarTL                     
2000026c  FSM_Car_State                 
00001640  FSM_PedTL                     
2000026d  FSM_Ped_State                 
2000026e  FSM_Sys_State                 
000010c5  GPIODirModeSet                
0000125d  GPIOIntClear                  
00001203  GPIOIntDisable                
0000121f  GPIOIntEnable                 
0000112d  GPIOIntRegister               
00000e35  GPIOIntTypeSet                
00000b29  GPIOPadConfigSet              
00000ed9  GPIOPinConfigure              
000011cd  GPIOPinTypeGPIOInput          
00001145  GPIOPinTypeGPIOOutput         
000011df  GPIOPinTypeUART               
00001263  GPIOPinWrite                  
000008ed  GPTM_CarTL_Disable            
000008fb  GPTM_CarTL_Enable             
00000899  GPTM_CarTL_Init               
00000921  GPTM_CarTL_IntClear           
00000915  GPTM_CarTL_IntDisable         
00000909  GPTM_CarTL_IntEnable          
0000092d  GPTM_CarTL_IntRegister        
000008d3  GPTM_CarTL_SetPeriodInMS      
00000991  GPTM_PedTL_Disable            
0000099f  GPTM_PedTL_Enable             
0000093d  GPTM_PedTL_Init               
000009c5  GPTM_PedTL_IntClear           
000009b9  GPTM_PedTL_IntDisable         
000009ad  GPTM_PedTL_IntEnable          
000009d1  GPTM_PedTL_IntRegister        
00000977  GPTM_PedTL_SetPeriodInMS      
00000d6d  IntEnable                     
00001029  IntRegister                   
0000077b  PedTL_ISR1                    
00000843  PedTL_ISR2                    
00000721  PedTL_Init                    
0000122b  ResetISR                      
00000c5d  SysCtlClockGet                
0000105d  SysCtlPeripheralEnable        
00000ff1  SysCtlPeripheralReady         
00001269  SysCtlSleep                   
00000dd5  TimerConfigure                
0000115d  TimerControlStall             
00001175  TimerDisable                  
00001211  TimerEnable                   
0000126d  TimerIntClear                 
00001237  TimerIntDisable               
00001255  TimerIntEnable                
0000118d  TimerIntRegister              
000011f1  TimerLoadSet                  
00001241  UARTCharPut                   
00000f21  UARTConfigSetExpClk           
000010f1  UARTDisable                   
000011a5  UARTEnable                    
0000124b  UARTFIFOEnable                
0000026d  UART_Init                     
0000035d  UART_PrintString              
000002cd  UART_PrintSystemState         
20000470  __STACK_END                   
00000200  __STACK_SIZE                  
20000470  __STACK_TOP                   
00001674  __TI_CINIT_Base               
00001684  __TI_CINIT_Limit              
00001670  __TI_Handler_Table_Base       
00001674  __TI_Handler_Table_Limit      
00000fad  __TI_auto_init_nobinit_nopinit
ffffffff  __TI_pprof_out_hndl           
ffffffff  __TI_prof_data_size           
ffffffff  __TI_prof_data_start          
00000000  __TI_static_base__            
00001111  __TI_zero_init_nomemset       
ffffffff  __binit__                     
ffffffff  __c_args__                    
UNDEFED   __mpu_init                    
20000270  __stack                       
20000000  __start___llvm_prf_cnts       
20000000  __stop___llvm_prf_cnts        
00001091  _c_int00_noargs               
UNDEFED   _system_post_cinit            
00001271  _system_pre_init              
00001275  abort                         
ffffffff  binit                         
20000000  g_pfnRAMVectors               
00000000  g_pfnVectors                  
000011b9  main                          


GLOBAL SYMBOLS: SORTED BY Symbol Address 

address   name                          
-------   ----                          
00000000  __TI_static_base__            
00000000  g_pfnVectors                  
00000200  __STACK_SIZE                  
0000026d  UART_Init                     
000002cd  UART_PrintSystemState         
0000035d  UART_PrintString              
00000525  Btn_Init                      
000005b5  Btn_NS_ISR                    
00000651  Btn_EW_ISR                    
00000721  PedTL_Init                    
0000077b  PedTL_ISR1                    
00000843  PedTL_ISR2                    
00000899  GPTM_CarTL_Init               
000008d3  GPTM_CarTL_SetPeriodInMS      
000008ed  GPTM_CarTL_Disable            
000008fb  GPTM_CarTL_Enable             
00000909  GPTM_CarTL_IntEnable          
00000915  GPTM_CarTL_IntDisable         
00000921  GPTM_CarTL_IntClear           
0000092d  GPTM_CarTL_IntRegister        
0000093d  GPTM_PedTL_Init               
00000977  GPTM_PedTL_SetPeriodInMS      
00000991  GPTM_PedTL_Disable            
0000099f  GPTM_PedTL_Enable             
000009ad  GPTM_PedTL_IntEnable          
000009b9  GPTM_PedTL_IntDisable         
000009c5  GPTM_PedTL_IntClear           
000009d1  GPTM_PedTL_IntRegister        
000009f1  CarTL_Init                    
00000a87  CarTL_ISR                     
00000b29  GPIOPadConfigSet              
00000c5d  SysCtlClockGet                
00000d6d  IntEnable                     
00000dd5  TimerConfigure                
00000e35  GPIOIntTypeSet                
00000ed9  GPIOPinConfigure              
00000f21  UARTConfigSetExpClk           
00000fad  __TI_auto_init_nobinit_nopinit
00000ff1  SysCtlPeripheralReady         
00001029  IntRegister                   
0000105d  SysCtlPeripheralEnable        
00001091  _c_int00_noargs               
000010c5  GPIODirModeSet                
000010f1  UARTDisable                   
00001111  __TI_zero_init_nomemset       
0000112d  GPIOIntRegister               
00001145  GPIOPinTypeGPIOOutput         
0000115d  TimerControlStall             
00001175  TimerDisable                  
0000118d  TimerIntRegister              
000011a5  UARTEnable                    
000011b9  main                          
000011cd  GPIOPinTypeGPIOInput          
000011df  GPIOPinTypeUART               
000011f1  TimerLoadSet                  
00001203  GPIOIntDisable                
00001211  TimerEnable                   
0000121f  GPIOIntEnable                 
0000122b  ResetISR                      
00001237  TimerIntDisable               
00001241  UARTCharPut                   
0000124b  UARTFIFOEnable                
00001255  TimerIntEnable                
0000125d  GPIOIntClear                  
00001263  GPIOPinWrite                  
00001269  CPUwfi                        
00001269  SysCtlSleep                   
0000126d  TimerIntClear                 
00001271  _system_pre_init              
00001275  C$$EXIT                       
00001275  abort                         
0000161c  FSM_CarTL                     
00001640  FSM_PedTL                     
00001670  __TI_Handler_Table_Base       
00001674  __TI_CINIT_Base               
00001674  __TI_Handler_Table_Limit      
00001684  __TI_CINIT_Limit              
20000000  __start___llvm_prf_cnts       
20000000  __stop___llvm_prf_cnts        
20000000  g_pfnRAMVectors               
2000026c  FSM_Car_State                 
2000026d  FSM_Ped_State                 
2000026e  FSM_Sys_State                 
20000270  __stack                       
20000470  __STACK_END                   
20000470  __STACK_TOP                   
ffffffff  __TI_pprof_out_hndl           
ffffffff  __TI_prof_data_size           
ffffffff  __TI_prof_data_start          
ffffffff  __binit__                     
ffffffff  __c_args__                    
ffffffff  binit                         
UNDEFED   __mpu_init                    
UNDEFED   _system_post_cinit            

[94 symbols]
